// Jest Snapshot v1, https://goo.gl/fbAQLP

exports[`Page renders correctly 1`] = `
<div
  className="Page"
>
  <div
    className="Page-inner"
  >
    <h1
      className="Page-title"
    >
      test
    </h1>
    <div
      className="Page-body"
    >
      test
    </div>
  </div>
</div>
`;
