// Jest Snapshot v1, https://goo.gl/fbAQLP

exports[`Feed renders correctly 1`] = `
<div
  className="CourseList"
>
  <div
    className="CourseList-item"
  >
    <Link
      activeClassName=""
      className="Link Link--tertiary"
      to="/test_0"
    >
      test_0
    </Link>
    <div
      className="CourseList-itemTitle"
    >
      <Link
        activeClassName=""
        className="Link Link--primary"
        to="/test_0"
      >
        test_0
      </Link>
    </div>
    <p
      className="CourseList-itemDescription"
    >
      test_0
    </p>
    <Link
      activeClassName=""
      className="Link Link--pill"
      to="/test_0"
    >
      Go Learn
    </Link>
  </div>
  <div
    className="CourseList-item"
  >
    <Link
      activeClassName=""
      className="Link Link--tertiary"
      to="/test_1"
    >
      test_1
    </Link>
    <div
      className="CourseList-itemTitle"
    >
      <Link
        activeClassName=""
        className="Link Link--primary"
        to="/test_1"
      >
        test_1
      </Link>
    </div>
    <p
      className="CourseList-itemDescription"
    >
      test_1
    </p>
    <Link
      activeClassName=""
      className="Link Link--pill"
      to="/test_1"
    >
      Go Learn
    </Link>
  </div>
</div>
`;
