// Jest Snapshot v1, https://goo.gl/fbAQLP

exports[`Course renders correctly 1`] = `
<div
  className="Course"
>
  <div
    className="Course-backLink"
  >
    <Link
      activeClassName=""
      className="Link Link--tertiary"
      to="/courses"
    >
      Back to Courses
    </Link>
  </div>
  <div
    className="ContentSection"
  >
    <header
      className="ContentSection-title"
    >
      <h1>
        test
      </h1>
    </header>
    <div
      className="ContentSection-content  ContentSection-content--alignLeft"
    >
      <p />
    </div>
  </div>
  <ul>
    <li
      className="CourseCard"
    >
      <h3
        data-enzyme-id="Block-RenderedElement"
        style={
          Object {
            "marginBottom": "16px",
            "marginLeft": "0px",
            "marginRight": "0px",
            "marginTop": "0px",
          }
        }
      >
        this is the title
      </h3>
      <p
        data-enzyme-id="Block-RenderedElement"
        style={
          Object {
            "marginBottom": "16px",
            "marginLeft": "0px",
            "marginRight": "0px",
            "marginTop": "0px",
          }
        }
      >
        this is the description
      </p>
      <Link
        activeClassName=""
        className="Link Link--pill"
        to="undefinedlink"
      >
        Learn 
        this is the title
      </Link>
    </li>
  </ul>
</div>
`;
