// Jest Snapshot v1, https://goo.gl/fbAQLP

exports[`Icon renders correctly 1`] = `
<svg
  className="Icon "
  viewBox="0 0 0 0"
>
  <path
    d=""
  />
</svg>
`;
